[33mFiles in the public directory are served at the root path.
Instead of [36m/runtime-public/cosmic-assets/fonts/funnel-display-800.ttf[33m, use [36m/cosmic-assets/fonts/funnel-display-800.ttf[33m.[39m
[33mFiles in the public directory are served at the root path.
Instead of [36m/runtime-public/cosmic-assets/fonts/dm-sans-800.ttf[33m, use [36m/cosmic-assets/fonts/dm-sans-800.ttf[33m.[39m
[33mFiles in the public directory are served at the root path.
Instead of [36m/runtime-public/cosmic-assets/fonts/dm-sans-500.ttf[33m, use [36m/cosmic-assets/fonts/dm-sans-500.ttf[33m.[39m
[33mFiles in the public directory are served at the root path.
Instead of [36m/runtime-public/cosmic-assets/fonts/dm-sans-600.ttf[33m, use [36m/cosmic-assets/fonts/dm-sans-600.ttf[33m.[39m
[33mFiles in the public directory are served at the root path.
Instead of [36m/runtime-public/cosmic-assets/fonts/dm-sans-400.ttf[33m, use [36m/cosmic-assets/fonts/dm-sans-400.ttf[33m.[39m
[33mFiles in the public directory are served at the root path.
Instead of [36m/runtime-public/cosmic-assets/fonts/dm-sans-800.ttf[33m, use [36m/cosmic-assets/fonts/dm-sans-800.ttf[33m.[39m
[33mFiles in the public directory are served at the root path.
Instead of [36m/runtime-public/cosmic-assets/fonts/funnel-display-800.ttf[33m, use [36m/cosmic-assets/fonts/funnel-display-800.ttf[33m.[39m
[33mFiles in the public directory are served at the root path.
Instead of [36m/runtime-public/cosmic-assets/fonts/dm-sans-500.ttf[33m, use [36m/cosmic-assets/fonts/dm-sans-500.ttf[33m.[39m
[33mFiles in the public directory are served at the root path.
Instead of [36m/runtime-public/cosmic-assets/fonts/dm-sans-600.ttf[33m, use [36m/cosmic-assets/fonts/dm-sans-600.ttf[33m.[39m
[33mFiles in the public directory are served at the root path.
Instead of [36m/runtime-public/cosmic-assets/fonts/dm-sans-400.ttf[33m, use [36m/cosmic-assets/fonts/dm-sans-400.ttf[33m.[39m
[33mFiles in the public directory are served at the root path.
Instead of [36m/runtime-public/cosmic-assets/fonts/dm-sans-800.ttf[33m, use [36m/cosmic-assets/fonts/dm-sans-800.ttf[33m.[39m
[33mFiles in the public directory are served at the root path.
Instead of [36m/runtime-public/cosmic-assets/fonts/funnel-display-800.ttf[33m, use [36m/cosmic-assets/fonts/funnel-display-800.ttf[33m.[39m
[33mFiles in the public directory are served at the root path.
Instead of [36m/runtime-public/cosmic-assets/fonts/dm-sans-500.ttf[33m, use [36m/cosmic-assets/fonts/dm-sans-500.ttf[33m.[39m
[33mFiles in the public directory are served at the root path.
Instead of [36m/runtime-public/cosmic-assets/fonts/dm-sans-600.ttf[33m, use [36m/cosmic-assets/fonts/dm-sans-600.ttf[33m.[39m
[33mFiles in the public directory are served at the root path.
Instead of [36m/runtime-public/cosmic-assets/fonts/dm-sans-400.ttf[33m, use [36m/cosmic-assets/fonts/dm-sans-400.ttf[33m.[39m
[33mFiles in the public directory are served at the root path.
Instead of [36m/runtime-public/cosmic-assets/fonts/dm-sans-800.ttf[33m, use [36m/cosmic-assets/fonts/dm-sans-800.ttf[33m.[39m
[33mFiles in the public directory are served at the root path.
Instead of [36m/runtime-public/cosmic-assets/fonts/funnel-display-800.ttf[33m, use [36m/cosmic-assets/fonts/funnel-display-800.ttf[33m.[39m
[33mFiles in the public directory are served at the root path.
Instead of [36m/runtime-public/cosmic-assets/fonts/dm-sans-500.ttf[33m, use [36m/cosmic-assets/fonts/dm-sans-500.ttf[33m.[39m
[33mFiles in the public directory are served at the root path.
Instead of [36m/runtime-public/cosmic-assets/fonts/dm-sans-600.ttf[33m, use [36m/cosmic-assets/fonts/dm-sans-600.ttf[33m.[39m
[33mFiles in the public directory are served at the root path.
Instead of [36m/runtime-public/cosmic-assets/fonts/dm-sans-400.ttf[33m, use [36m/cosmic-assets/fonts/dm-sans-400.ttf[33m.[39m
[33mFiles in the public directory are served at the root path.
Instead of [36m/runtime-public/cosmic-assets/fonts/dm-sans-800.ttf[33m, use [36m/cosmic-assets/fonts/dm-sans-800.ttf[33m.[39m
[33mFiles in the public directory are served at the root path.
Instead of [36m/runtime-public/cosmic-assets/fonts/funnel-display-800.ttf[33m, use [36m/cosmic-assets/fonts/funnel-display-800.ttf[33m.[39m
[33mFiles in the public directory are served at the root path.
Instead of [36m/runtime-public/cosmic-assets/fonts/dm-sans-500.ttf[33m, use [36m/cosmic-assets/fonts/dm-sans-500.ttf[33m.[39m
[33mFiles in the public directory are served at the root path.
Instead of [36m/runtime-public/cosmic-assets/fonts/dm-sans-600.ttf[33m, use [36m/cosmic-assets/fonts/dm-sans-600.ttf[33m.[39m
[33mFiles in the public directory are served at the root path.
Instead of [36m/runtime-public/cosmic-assets/fonts/dm-sans-400.ttf[33m, use [36m/cosmic-assets/fonts/dm-sans-400.ttf[33m.[39m
[33mFiles in the public directory are served at the root path.
Instead of [36m/runtime-public/cosmic-assets/fonts/dm-sans-800.ttf[33m, use [36m/cosmic-assets/fonts/dm-sans-800.ttf[33m.[39m
[33mFiles in the public directory are served at the root path.
Instead of [36m/runtime-public/cosmic-assets/fonts/funnel-display-800.ttf[33m, use [36m/cosmic-assets/fonts/funnel-display-800.ttf[33m.[39m
[33mFiles in the public directory are served at the root path.
Instead of [36m/runtime-public/cosmic-assets/fonts/dm-sans-500.ttf[33m, use [36m/cosmic-assets/fonts/dm-sans-500.ttf[33m.[39m
[33mFiles in the public directory are served at the root path.
Instead of [36m/runtime-public/cosmic-assets/fonts/dm-sans-600.ttf[33m, use [36m/cosmic-assets/fonts/dm-sans-600.ttf[33m.[39m
[33mFiles in the public directory are served at the root path.
Instead of [36m/runtime-public/cosmic-assets/fonts/dm-sans-400.ttf[33m, use [36m/cosmic-assets/fonts/dm-sans-400.ttf[33m.[39m
[33mFiles in the public directory are served at the root path.
Instead of [36m/runtime-public/cosmic-assets/fonts/dm-sans-800.ttf[33m, use [36m/cosmic-assets/fonts/dm-sans-800.ttf[33m.[39m
[33mFiles in the public directory are served at the root path.
Instead of [36m/runtime-public/cosmic-assets/fonts/funnel-display-800.ttf[33m, use [36m/cosmic-assets/fonts/funnel-display-800.ttf[33m.[39m
[33mFiles in the public directory are served at the root path.
Instead of [36m/runtime-public/cosmic-assets/fonts/dm-sans-500.ttf[33m, use [36m/cosmic-assets/fonts/dm-sans-500.ttf[33m.[39m
[33mFiles in the public directory are served at the root path.
Instead of [36m/runtime-public/cosmic-assets/fonts/dm-sans-600.ttf[33m, use [36m/cosmic-assets/fonts/dm-sans-600.ttf[33m.[39m
[33mFiles in the public directory are served at the root path.
Instead of [36m/runtime-public/cosmic-assets/fonts/dm-sans-400.ttf[33m, use [36m/cosmic-assets/fonts/dm-sans-400.ttf[33m.[39m
[33mFiles in the public directory are served at the root path.
Instead of [36m/runtime-public/cosmic-assets/fonts/dm-sans-800.ttf[33m, use [36m/cosmic-assets/fonts/dm-sans-800.ttf[33m.[39m
[33mFiles in the public directory are served at the root path.
Instead of [36m/runtime-public/cosmic-assets/fonts/funnel-display-800.ttf[33m, use [36m/cosmic-assets/fonts/funnel-display-800.ttf[33m.[39m
[33mFiles in the public directory are served at the root path.
Instead of [36m/runtime-public/cosmic-assets/fonts/dm-sans-600.ttf[33m, use [36m/cosmic-assets/fonts/dm-sans-600.ttf[33m.[39m
[33mFiles in the public directory are served at the root path.
Instead of [36m/runtime-public/cosmic-assets/fonts/dm-sans-500.ttf[33m, use [36m/cosmic-assets/fonts/dm-sans-500.ttf[33m.[39m
[33mFiles in the public directory are served at the root path.
Instead of [36m/runtime-public/cosmic-assets/fonts/dm-sans-400.ttf[33m, use [36m/cosmic-assets/fonts/dm-sans-400.ttf[33m.[39m
[33mFiles in the public directory are served at the root path.
Instead of [36m/runtime-public/cosmic-assets/fonts/dm-sans-800.ttf[33m, use [36m/cosmic-assets/fonts/dm-sans-800.ttf[33m.[39m
[33mFiles in the public directory are served at the root path.
Instead of [36m/runtime-public/cosmic-assets/fonts/funnel-display-800.ttf[33m, use [36m/cosmic-assets/fonts/funnel-display-800.ttf[33m.[39m
[33mFiles in the public directory are served at the root path.
Instead of [36m/runtime-public/cosmic-assets/fonts/dm-sans-500.ttf[33m, use [36m/cosmic-assets/fonts/dm-sans-500.ttf[33m.[39m
[33mFiles in the public directory are served at the root path.
Instead of [36m/runtime-public/cosmic-assets/fonts/dm-sans-600.ttf[33m, use [36m/cosmic-assets/fonts/dm-sans-600.ttf[33m.[39m
[33mFiles in the public directory are served at the root path.
Instead of [36m/runtime-public/cosmic-assets/fonts/dm-sans-400.ttf[33m, use [36m/cosmic-assets/fonts/dm-sans-400.ttf[33m.[39m
[33mFiles in the public directory are served at the root path.
Instead of [36m/runtime-public/cosmic-assets/fonts/dm-sans-800.ttf[33m, use [36m/cosmic-assets/fonts/dm-sans-800.ttf[33m.[39m
[33mFiles in the public directory are served at the root path.
Instead of [36m/runtime-public/cosmic-assets/fonts/funnel-display-800.ttf[33m, use [36m/cosmic-assets/fonts/funnel-display-800.ttf[33m.[39m
[33mFiles in the public directory are served at the root path.
Instead of [36m/runtime-public/cosmic-assets/fonts/dm-sans-500.ttf[33m, use [36m/cosmic-assets/fonts/dm-sans-500.ttf[33m.[39m
[33mFiles in the public directory are served at the root path.
Instead of [36m/runtime-public/cosmic-assets/fonts/dm-sans-600.ttf[33m, use [36m/cosmic-assets/fonts/dm-sans-600.ttf[33m.[39m
[33mFiles in the public directory are served at the root path.
Instead of [36m/runtime-public/cosmic-assets/fonts/funnel-display-700.ttf[33m, use [36m/cosmic-assets/fonts/funnel-display-700.ttf[33m.[39m
[33mFiles in the public directory are served at the root path.
Instead of [36m/runtime-public/cosmic-assets/fonts/dm-sans-400.ttf[33m, use [36m/cosmic-assets/fonts/dm-sans-400.ttf[33m.[39m
[33mFiles in the public directory are served at the root path.
Instead of [36m/runtime-public/cosmic-assets/fonts/dm-sans-800.ttf[33m, use [36m/cosmic-assets/fonts/dm-sans-800.ttf[33m.[39m
[33mFiles in the public directory are served at the root path.
Instead of [36m/runtime-public/cosmic-assets/fonts/funnel-display-800.ttf[33m, use [36m/cosmic-assets/fonts/funnel-display-800.ttf[33m.[39m
[33mFiles in the public directory are served at the root path.
Instead of [36m/runtime-public/cosmic-assets/fonts/dm-sans-500.ttf[33m, use [36m/cosmic-assets/fonts/dm-sans-500.ttf[33m.[39m
[33mFiles in the public directory are served at the root path.
Instead of [36m/runtime-public/cosmic-assets/fonts/dm-sans-600.ttf[33m, use [36m/cosmic-assets/fonts/dm-sans-600.ttf[33m.[39m
[33mFiles in the public directory are served at the root path.
Instead of [36m/runtime-public/cosmic-assets/fonts/dm-sans-400.ttf[33m, use [36m/cosmic-assets/fonts/dm-sans-400.ttf[33m.[39m
[33mFiles in the public directory are served at the root path.
Instead of [36m/runtime-public/cosmic-assets/fonts/dm-sans-800.ttf[33m, use [36m/cosmic-assets/fonts/dm-sans-800.ttf[33m.[39m
[33mFiles in the public directory are served at the root path.
Instead of [36m/runtime-public/cosmic-assets/fonts/funnel-display-800.ttf[33m, use [36m/cosmic-assets/fonts/funnel-display-800.ttf[33m.[39m
[33mFiles in the public directory are served at the root path.
Instead of [36m/runtime-public/cosmic-assets/fonts/dm-sans-500.ttf[33m, use [36m/cosmic-assets/fonts/dm-sans-500.ttf[33m.[39m
[33mFiles in the public directory are served at the root path.
Instead of [36m/runtime-public/cosmic-assets/fonts/dm-sans-600.ttf[33m, use [36m/cosmic-assets/fonts/dm-sans-600.ttf[33m.[39m
[33mFiles in the public directory are served at the root path.
Instead of [36m/runtime-public/cosmic-assets/fonts/funnel-display-700.ttf[33m, use [36m/cosmic-assets/fonts/funnel-display-700.ttf[33m.[39m
[33mFiles in the public directory are served at the root path.
Instead of [36m/runtime-public/cosmic-assets/fonts/dm-sans-400.ttf[33m, use [36m/cosmic-assets/fonts/dm-sans-400.ttf[33m.[39m
[33mFiles in the public directory are served at the root path.
Instead of [36m/runtime-public/cosmic-assets/fonts/dm-sans-800.ttf[33m, use [36m/cosmic-assets/fonts/dm-sans-800.ttf[33m.[39m
[33mFiles in the public directory are served at the root path.
Instead of [36m/runtime-public/cosmic-assets/fonts/funnel-display-800.ttf[33m, use [36m/cosmic-assets/fonts/funnel-display-800.ttf[33m.[39m
[33mFiles in the public directory are served at the root path.
Instead of [36m/runtime-public/cosmic-assets/fonts/dm-sans-500.ttf[33m, use [36m/cosmic-assets/fonts/dm-sans-500.ttf[33m.[39m
[33mFiles in the public directory are served at the root path.
Instead of [36m/runtime-public/cosmic-assets/fonts/dm-sans-600.ttf[33m, use [36m/cosmic-assets/fonts/dm-sans-600.ttf[33m.[39m
[33mFiles in the public directory are served at the root path.
Instead of [36m/runtime-public/cosmic-assets/fonts/dm-sans-400.ttf[33m, use [36m/cosmic-assets/fonts/dm-sans-400.ttf[33m.[39m
[33mFiles in the public directory are served at the root path.
Instead of [36m/runtime-public/cosmic-assets/fonts/dm-sans-800.ttf[33m, use [36m/cosmic-assets/fonts/dm-sans-800.ttf[33m.[39m
[33mFiles in the public directory are served at the root path.
Instead of [36m/runtime-public/cosmic-assets/fonts/funnel-display-800.ttf[33m, use [36m/cosmic-assets/fonts/funnel-display-800.ttf[33m.[39m
[33mFiles in the public directory are served at the root path.
Instead of [36m/runtime-public/cosmic-assets/fonts/dm-sans-500.ttf[33m, use [36m/cosmic-assets/fonts/dm-sans-500.ttf[33m.[39m
[33mFiles in the public directory are served at the root path.
Instead of [36m/runtime-public/cosmic-assets/fonts/dm-sans-600.ttf[33m, use [36m/cosmic-assets/fonts/dm-sans-600.ttf[33m.[39m
[33mFiles in the public directory are served at the root path.
Instead of [36m/runtime-public/cosmic-assets/fonts/dm-sans-400.ttf[33m, use [36m/cosmic-assets/fonts/dm-sans-400.ttf[33m.[39m
[33mFiles in the public directory are served at the root path.
Instead of [36m/runtime-public/cosmic-assets/fonts/dm-sans-800.ttf[33m, use [36m/cosmic-assets/fonts/dm-sans-800.ttf[33m.[39m
[33mFiles in the public directory are served at the root path.
Instead of [36m/runtime-public/cosmic-assets/fonts/funnel-display-800.ttf[33m, use [36m/cosmic-assets/fonts/funnel-display-800.ttf[33m.[39m
[33mFiles in the public directory are served at the root path.
Instead of [36m/runtime-public/cosmic-assets/fonts/dm-sans-500.ttf[33m, use [36m/cosmic-assets/fonts/dm-sans-500.ttf[33m.[39m
[33mFiles in the public directory are served at the root path.
Instead of [36m/runtime-public/cosmic-assets/fonts/dm-sans-600.ttf[33m, use [36m/cosmic-assets/fonts/dm-sans-600.ttf[33m.[39m
[33mFiles in the public directory are served at the root path.
Instead of [36m/runtime-public/cosmic-assets/fonts/dm-sans-400.ttf[33m, use [36m/cosmic-assets/fonts/dm-sans-400.ttf[33m.[39m
[33mFiles in the public directory are served at the root path.
Instead of [36m/runtime-public/cosmic-assets/fonts/dm-sans-800.ttf[33m, use [36m/cosmic-assets/fonts/dm-sans-800.ttf[33m.[39m
[33mFiles in the public directory are served at the root path.
Instead of [36m/runtime-public/cosmic-assets/fonts/funnel-display-800.ttf[33m, use [36m/cosmic-assets/fonts/funnel-display-800.ttf[33m.[39m
[33mFiles in the public directory are served at the root path.
Instead of [36m/runtime-public/cosmic-assets/fonts/dm-sans-500.ttf[33m, use [36m/cosmic-assets/fonts/dm-sans-500.ttf[33m.[39m
[33mFiles in the public directory are served at the root path.
Instead of [36m/runtime-public/cosmic-assets/fonts/dm-sans-600.ttf[33m, use [36m/cosmic-assets/fonts/dm-sans-600.ttf[33m.[39m
[33mFiles in the public directory are served at the root path.
Instead of [36m/runtime-public/cosmic-assets/fonts/dm-sans-400.ttf[33m, use [36m/cosmic-assets/fonts/dm-sans-400.ttf[33m.[39m
[33mFiles in the public directory are served at the root path.
Instead of [36m/runtime-public/cosmic-assets/fonts/funnel-display-700.ttf[33m, use [36m/cosmic-assets/fonts/funnel-display-700.ttf[33m.[39m
[33mFiles in the public directory are served at the root path.
Instead of [36m/runtime-public/cosmic-assets/fonts/dm-sans-800.ttf[33m, use [36m/cosmic-assets/fonts/dm-sans-800.ttf[33m.[39m
[33mFiles in the public directory are served at the root path.
Instead of [36m/runtime-public/cosmic-assets/fonts/funnel-display-800.ttf[33m, use [36m/cosmic-assets/fonts/funnel-display-800.ttf[33m.[39m
[33mFiles in the public directory are served at the root path.
Instead of [36m/runtime-public/cosmic-assets/fonts/dm-sans-500.ttf[33m, use [36m/cosmic-assets/fonts/dm-sans-500.ttf[33m.[39m
[33mFiles in the public directory are served at the root path.
Instead of [36m/runtime-public/cosmic-assets/fonts/dm-sans-600.ttf[33m, use [36m/cosmic-assets/fonts/dm-sans-600.ttf[33m.[39m
[33mFiles in the public directory are served at the root path.
Instead of [36m/runtime-public/cosmic-assets/fonts/dm-sans-400.ttf[33m, use [36m/cosmic-assets/fonts/dm-sans-400.ttf[33m.[39m
[33mFiles in the public directory are served at the root path.
Instead of [36m/runtime-public/cosmic-assets/fonts/funnel-display-700.ttf[33m, use [36m/cosmic-assets/fonts/funnel-display-700.ttf[33m.[39m
[33mFiles in the public directory are served at the root path.
Instead of [36m/runtime-public/homepage/footer-starfield-v1.jpg[33m, use [36m/homepage/footer-starfield-v1.jpg[33m.[39m
[33mFiles in the public directory are served at the root path.
Instead of [36m/runtime-public/cosmic-assets/fonts/caveat-600.ttf[33m, use [36m/cosmic-assets/fonts/caveat-600.ttf[33m.[39m
[33mFiles in the public directory are served at the root path.
Instead of [36m/runtime-public/cosmic-assets/fonts/dm-sans-800.ttf[33m, use [36m/cosmic-assets/fonts/dm-sans-800.ttf[33m.[39m
[33mFiles in the public directory are served at the root path.
Instead of [36m/runtime-public/cosmic-assets/fonts/funnel-display-800.ttf[33m, use [36m/cosmic-assets/fonts/funnel-display-800.ttf[33m.[39m
[33mFiles in the public directory are served at the root path.
Instead of [36m/runtime-public/cosmic-assets/fonts/dm-sans-500.ttf[33m, use [36m/cosmic-assets/fonts/dm-sans-500.ttf[33m.[39m
[33mFiles in the public directory are served at the root path.
Instead of [36m/runtime-public/cosmic-assets/fonts/dm-sans-600.ttf[33m, use [36m/cosmic-assets/fonts/dm-sans-600.ttf[33m.[39m
[33mFiles in the public directory are served at the root path.
Instead of [36m/runtime-public/cosmic-assets/fonts/dm-sans-400.ttf[33m, use [36m/cosmic-assets/fonts/dm-sans-400.ttf[33m.[39m
[33mFiles in the public directory are served at the root path.
Instead of [36m/runtime-public/cosmic-assets/fonts/funnel-display-700.ttf[33m, use [36m/cosmic-assets/fonts/funnel-display-700.ttf[33m.[39m
[33mFiles in the public directory are served at the root path.
Instead of [36m/runtime-public/homepage/footer-starfield-v1.jpg[33m, use [36m/homepage/footer-starfield-v1.jpg[33m.[39m
[33mFiles in the public directory are served at the root path.
Instead of [36m/runtime-public/cosmic-assets/fonts/caveat-600.ttf[33m, use [36m/cosmic-assets/fonts/caveat-600.ttf[33m.[39m
[33mFiles in the public directory are served at the root path.
Instead of [36m/runtime-public/cosmic-assets/fonts/dm-sans-800.ttf[33m, use [36m/cosmic-assets/fonts/dm-sans-800.ttf[33m.[39m
[33mFiles in the public directory are served at the root path.
Instead of [36m/runtime-public/cosmic-assets/fonts/funnel-display-800.ttf[33m, use [36m/cosmic-assets/fonts/funnel-display-800.ttf[33m.[39m
[33mFiles in the public directory are served at the root path.
Instead of [36m/runtime-public/cosmic-assets/fonts/dm-sans-500.ttf[33m, use [36m/cosmic-assets/fonts/dm-sans-500.ttf[33m.[39m
[33mFiles in the public directory are served at the root path.
Instead of [36m/runtime-public/cosmic-assets/fonts/dm-sans-600.ttf[33m, use [36m/cosmic-assets/fonts/dm-sans-600.ttf[33m.[39m
[33mFiles in the public directory are served at the root path.
Instead of [36m/runtime-public/cosmic-assets/fonts/dm-sans-400.ttf[33m, use [36m/cosmic-assets/fonts/dm-sans-400.ttf[33m.[39m
[33mFiles in the public directory are served at the root path.
Instead of [36m/runtime-public/cosmic-assets/fonts/dm-sans-800.ttf[33m, use [36m/cosmic-assets/fonts/dm-sans-800.ttf[33m.[39m
[33mFiles in the public directory are served at the root path.
Instead of [36m/runtime-public/cosmic-assets/fonts/funnel-display-800.ttf[33m, use [36m/cosmic-assets/fonts/funnel-display-800.ttf[33m.[39m
[33mFiles in the public directory are served at the root path.
Instead of [36m/runtime-public/cosmic-assets/fonts/dm-sans-500.ttf[33m, use [36m/cosmic-assets/fonts/dm-sans-500.ttf[33m.[39m
[33mFiles in the public directory are served at the root path.
Instead of [36m/runtime-public/cosmic-assets/fonts/dm-sans-600.ttf[33m, use [36m/cosmic-assets/fonts/dm-sans-600.ttf[33m.[39m
[33mFiles in the public directory are served at the root path.
Instead of [36m/runtime-public/cosmic-assets/fonts/dm-sans-400.ttf[33m, use [36m/cosmic-assets/fonts/dm-sans-400.ttf[33m.[39m
[33mFiles in the public directory are served at the root path.
Instead of [36m/runtime-public/cosmic-assets/fonts/dm-sans-800.ttf[33m, use [36m/cosmic-assets/fonts/dm-sans-800.ttf[33m.[39m
[33mFiles in the public directory are served at the root path.
Instead of [36m/runtime-public/cosmic-assets/fonts/funnel-display-800.ttf[33m, use [36m/cosmic-assets/fonts/funnel-display-800.ttf[33m.[39m
[33mFiles in the public directory are served at the root path.
Instead of [36m/runtime-public/cosmic-assets/fonts/dm-sans-500.ttf[33m, use [36m/cosmic-assets/fonts/dm-sans-500.ttf[33m.[39m
[33mFiles in the public directory are served at the root path.
Instead of [36m/runtime-public/cosmic-assets/fonts/dm-sans-600.ttf[33m, use [36m/cosmic-assets/fonts/dm-sans-600.ttf[33m.[39m
[33mFiles in the public directory are served at the root path.
Instead of [36m/runtime-public/cosmic-assets/fonts/dm-sans-400.ttf[33m, use [36m/cosmic-assets/fonts/dm-sans-400.ttf[33m.[39m
[33mFiles in the public directory are served at the root path.
Instead of [36m/runtime-public/homepage/footer-starfield-v1.jpg[33m, use [36m/homepage/footer-starfield-v1.jpg[33m.[39m
[33mFiles in the public directory are served at the root path.
Instead of [36m/runtime-public/cosmic-assets/fonts/caveat-600.ttf[33m, use [36m/cosmic-assets/fonts/caveat-600.ttf[33m.[39m
[33mFiles in the public directory are served at the root path.
Instead of [36m/runtime-public/cosmic-assets/fonts/funnel-display-700.ttf[33m, use [36m/cosmic-assets/fonts/funnel-display-700.ttf[33m.[39m
[33mFiles in the public directory are served at the root path.
Instead of [36m/runtime-public/cosmic-assets/fonts/dm-sans-800.ttf[33m, use [36m/cosmic-assets/fonts/dm-sans-800.ttf[33m.[39m
[33mFiles in the public directory are served at the root path.
Instead of [36m/runtime-public/cosmic-assets/fonts/funnel-display-800.ttf[33m, use [36m/cosmic-assets/fonts/funnel-display-800.ttf[33m.[39m
[33mFiles in the public directory are served at the root path.
Instead of [36m/runtime-public/cosmic-assets/fonts/dm-sans-500.ttf[33m, use [36m/cosmic-assets/fonts/dm-sans-500.ttf[33m.[39m
[33mFiles in the public directory are served at the root path.
Instead of [36m/runtime-public/cosmic-assets/fonts/dm-sans-600.ttf[33m, use [36m/cosmic-assets/fonts/dm-sans-600.ttf[33m.[39m
[33mFiles in the public directory are served at the root path.
Instead of [36m/runtime-public/cosmic-assets/fonts/dm-sans-400.ttf[33m, use [36m/cosmic-assets/fonts/dm-sans-400.ttf[33m.[39m
[33mFiles in the public directory are served at the root path.
Instead of [36m/runtime-public/cosmic-assets/fonts/dm-sans-800.ttf[33m, use [36m/cosmic-assets/fonts/dm-sans-800.ttf[33m.[39m
[33mFiles in the public directory are served at the root path.
Instead of [36m/runtime-public/cosmic-assets/fonts/funnel-display-800.ttf[33m, use [36m/cosmic-assets/fonts/funnel-display-800.ttf[33m.[39m
[33mFiles in the public directory are served at the root path.
Instead of [36m/runtime-public/cosmic-assets/fonts/dm-sans-500.ttf[33m, use [36m/cosmic-assets/fonts/dm-sans-500.ttf[33m.[39m
[33mFiles in the public directory are served at the root path.
Instead of [36m/runtime-public/cosmic-assets/fonts/dm-sans-600.ttf[33m, use [36m/cosmic-assets/fonts/dm-sans-600.ttf[33m.[39m
[33mFiles in the public directory are served at the root path.
Instead of [36m/runtime-public/cosmic-assets/fonts/dm-sans-400.ttf[33m, use [36m/cosmic-assets/fonts/dm-sans-400.ttf[33m.[39m
[33mFiles in the public directory are served at the root path.
Instead of [36m/runtime-public/cosmic-assets/fonts/dm-sans-800.ttf[33m, use [36m/cosmic-assets/fonts/dm-sans-800.ttf[33m.[39m
[33mFiles in the public directory are served at the root path.
Instead of [36m/runtime-public/cosmic-assets/fonts/funnel-display-800.ttf[33m, use [36m/cosmic-assets/fonts/funnel-display-800.ttf[33m.[39m
[33mFiles in the public directory are served at the root path.
Instead of [36m/runtime-public/cosmic-assets/fonts/dm-sans-500.ttf[33m, use [36m/cosmic-assets/fonts/dm-sans-500.ttf[33m.[39m
[33mFiles in the public directory are served at the root path.
Instead of [36m/runtime-public/cosmic-assets/fonts/dm-sans-600.ttf[33m, use [36m/cosmic-assets/fonts/dm-sans-600.ttf[33m.[39m
[33mFiles in the public directory are served at the root path.
Instead of [36m/runtime-public/cosmic-assets/fonts/dm-sans-400.ttf[33m, use [36m/cosmic-assets/fonts/dm-sans-400.ttf[33m.[39m
[33mFiles in the public directory are served at the root path.
Instead of [36m/runtime-public/cosmic-assets/fonts/funnel-display-700.ttf[33m, use [36m/cosmic-assets/fonts/funnel-display-700.ttf[33m.[39m
[33mFiles in the public directory are served at the root path.
Instead of [36m/runtime-public/cosmic-assets/fonts/dm-sans-800.ttf[33m, use [36m/cosmic-assets/fonts/dm-sans-800.ttf[33m.[39m
[33mFiles in the public directory are served at the root path.
Instead of [36m/runtime-public/cosmic-assets/fonts/funnel-display-800.ttf[33m, use [36m/cosmic-assets/fonts/funnel-display-800.ttf[33m.[39m
[33mFiles in the public directory are served at the root path.
Instead of [36m/runtime-public/cosmic-assets/fonts/dm-sans-500.ttf[33m, use [36m/cosmic-assets/fonts/dm-sans-500.ttf[33m.[39m
[33mFiles in the public directory are served at the root path.
Instead of [36m/runtime-public/cosmic-assets/fonts/dm-sans-600.ttf[33m, use [36m/cosmic-assets/fonts/dm-sans-600.ttf[33m.[39m
[33mFiles in the public directory are served at the root path.
Instead of [36m/runtime-public/cosmic-assets/fonts/dm-sans-400.ttf[33m, use [36m/cosmic-assets/fonts/dm-sans-400.ttf[33m.[39m
[33mFiles in the public directory are served at the root path.
Instead of [36m/runtime-public/homepage/footer-starfield-v1.jpg[33m, use [36m/homepage/footer-starfield-v1.jpg[33m.[39m
[33mFiles in the public directory are served at the root path.
Instead of [36m/runtime-public/cosmic-assets/fonts/caveat-600.ttf[33m, use [36m/cosmic-assets/fonts/caveat-600.ttf[33m.[39m
[33mFiles in the public directory are served at the root path.
Instead of [36m/runtime-public/cosmic-assets/fonts/dm-sans-800.ttf[33m, use [36m/cosmic-assets/fonts/dm-sans-800.ttf[33m.[39m
[33mFiles in the public directory are served at the root path.
Instead of [36m/runtime-public/cosmic-assets/fonts/funnel-display-800.ttf[33m, use [36m/cosmic-assets/fonts/funnel-display-800.ttf[33m.[39m
[33mFiles in the public directory are served at the root path.
Instead of [36m/runtime-public/cosmic-assets/fonts/dm-sans-500.ttf[33m, use [36m/cosmic-assets/fonts/dm-sans-500.ttf[33m.[39m
[33mFiles in the public directory are served at the root path.
Instead of [36m/runtime-public/cosmic-assets/fonts/dm-sans-600.ttf[33m, use [36m/cosmic-assets/fonts/dm-sans-600.ttf[33m.[39m
[33mFiles in the public directory are served at the root path.
Instead of [36m/runtime-public/cosmic-assets/fonts/dm-sans-400.ttf[33m, use [36m/cosmic-assets/fonts/dm-sans-400.ttf[33m.[39m
[33mFiles in the public directory are served at the root path.
Instead of [36m/runtime-public/cosmic-assets/fonts/funnel-display-700.ttf[33m, use [36m/cosmic-assets/fonts/funnel-display-700.ttf[33m.[39m
[33mFiles in the public directory are served at the root path.
Instead of [36m/runtime-public/cosmic-assets/fonts/dm-sans-800.ttf[33m, use [36m/cosmic-assets/fonts/dm-sans-800.ttf[33m.[39m
[33mFiles in the public directory are served at the root path.
Instead of [36m/runtime-public/cosmic-assets/fonts/funnel-display-800.ttf[33m, use [36m/cosmic-assets/fonts/funnel-display-800.ttf[33m.[39m
[33mFiles in the public directory are served at the root path.
Instead of [36m/runtime-public/cosmic-assets/fonts/dm-sans-500.ttf[33m, use [36m/cosmic-assets/fonts/dm-sans-500.ttf[33m.[39m
[33mFiles in the public directory are served at the root path.
Instead of [36m/runtime-public/cosmic-assets/fonts/dm-sans-600.ttf[33m, use [36m/cosmic-assets/fonts/dm-sans-600.ttf[33m.[39m
[33mFiles in the public directory are served at the root path.
Instead of [36m/runtime-public/cosmic-assets/fonts/dm-sans-400.ttf[33m, use [36m/cosmic-assets/fonts/dm-sans-400.ttf[33m.[39m
[33mFiles in the public directory are served at the root path.
Instead of [36m/runtime-public/cosmic-assets/fonts/dm-sans-800.ttf[33m, use [36m/cosmic-assets/fonts/dm-sans-800.ttf[33m.[39m
[33mFiles in the public directory are served at the root path.
Instead of [36m/runtime-public/cosmic-assets/fonts/funnel-display-800.ttf[33m, use [36m/cosmic-assets/fonts/funnel-display-800.ttf[33m.[39m
[33mFiles in the public directory are served at the root path.
Instead of [36m/runtime-public/cosmic-assets/fonts/dm-sans-500.ttf[33m, use [36m/cosmic-assets/fonts/dm-sans-500.ttf[33m.[39m
[33mFiles in the public directory are served at the root path.
Instead of [36m/runtime-public/cosmic-assets/fonts/dm-sans-600.ttf[33m, use [36m/cosmic-assets/fonts/dm-sans-600.ttf[33m.[39m
[33mFiles in the public directory are served at the root path.
Instead of [36m/runtime-public/cosmic-assets/fonts/dm-sans-400.ttf[33m, use [36m/cosmic-assets/fonts/dm-sans-400.ttf[33m.[39m
[33mFiles in the public directory are served at the root path.
Instead of [36m/runtime-public/cosmic-assets/fonts/dm-sans-800.ttf[33m, use [36m/cosmic-assets/fonts/dm-sans-800.ttf[33m.[39m
[33mFiles in the public directory are served at the root path.
Instead of [36m/runtime-public/cosmic-assets/fonts/funnel-display-800.ttf[33m, use [36m/cosmic-assets/fonts/funnel-display-800.ttf[33m.[39m
[33mFiles in the public directory are served at the root path.
Instead of [36m/runtime-public/cosmic-assets/fonts/dm-sans-500.ttf[33m, use [36m/cosmic-assets/fonts/dm-sans-500.ttf[33m.[39m
[33mFiles in the public directory are served at the root path.
Instead of [36m/runtime-public/cosmic-assets/fonts/dm-sans-600.ttf[33m, use [36m/cosmic-assets/fonts/dm-sans-600.ttf[33m.[39m
[33mFiles in the public directory are served at the root path.
Instead of [36m/runtime-public/cosmic-assets/fonts/dm-sans-400.ttf[33m, use [36m/cosmic-assets/fonts/dm-sans-400.ttf[33m.[39m
[33mFiles in the public directory are served at the root path.
Instead of [36m/runtime-public/cosmic-assets/fonts/dm-sans-400.ttf[33m, use [36m/cosmic-assets/fonts/dm-sans-400.ttf[33m.[39m
[33mFiles in the public directory are served at the root path.
Instead of [36m/runtime-public/cosmic-assets/fonts/funnel-display-700.ttf[33m, use [36m/cosmic-assets/fonts/funnel-display-700.ttf[33m.[39m
[33mFiles in the public directory are served at the root path.
Instead of [36m/runtime-public/cosmic-assets/fonts/dm-sans-400.ttf[33m, use [36m/cosmic-assets/fonts/dm-sans-400.ttf[33m.[39m
[33mFiles in the public directory are served at the root path.
Instead of [36m/runtime-public/cosmic-assets/fonts/funnel-display-700.ttf[33m, use [36m/cosmic-assets/fonts/funnel-display-700.ttf[33m.[39m
[33mFiles in the public directory are served at the root path.
Instead of [36m/runtime-public/cosmic-assets/fonts/dm-sans-800.ttf[33m, use [36m/cosmic-assets/fonts/dm-sans-800.ttf[33m.[39m
[33mFiles in the public directory are served at the root path.
Instead of [36m/runtime-public/cosmic-assets/fonts/funnel-display-800.ttf[33m, use [36m/cosmic-assets/fonts/funnel-display-800.ttf[33m.[39m
[33mFiles in the public directory are served at the root path.
Instead of [36m/runtime-public/cosmic-assets/fonts/dm-sans-500.ttf[33m, use [36m/cosmic-assets/fonts/dm-sans-500.ttf[33m.[39m
[33mFiles in the public directory are served at the root path.
Instead of [36m/runtime-public/cosmic-assets/fonts/dm-sans-600.ttf[33m, use [36m/cosmic-assets/fonts/dm-sans-600.ttf[33m.[39m
[33mFiles in the public directory are served at the root path.
Instead of [36m/runtime-public/cosmic-assets/fonts/dm-sans-400.ttf[33m, use [36m/cosmic-assets/fonts/dm-sans-400.ttf[33m.[39m
[33mFiles in the public directory are served at the root path.
Instead of [36m/runtime-public/cosmic-assets/fonts/dm-sans-800.ttf[33m, use [36m/cosmic-assets/fonts/dm-sans-800.ttf[33m.[39m
[33mFiles in the public directory are served at the root path.
Instead of [36m/runtime-public/cosmic-assets/fonts/funnel-display-800.ttf[33m, use [36m/cosmic-assets/fonts/funnel-display-800.ttf[33m.[39m
[33mFiles in the public directory are served at the root path.
Instead of [36m/runtime-public/cosmic-assets/fonts/dm-sans-500.ttf[33m, use [36m/cosmic-assets/fonts/dm-sans-500.ttf[33m.[39m
[33mFiles in the public directory are served at the root path.
Instead of [36m/runtime-public/cosmic-assets/fonts/dm-sans-600.ttf[33m, use [36m/cosmic-assets/fonts/dm-sans-600.ttf[33m.[39m
[33mFiles in the public directory are served at the root path.
Instead of [36m/runtime-public/cosmic-assets/fonts/dm-sans-400.ttf[33m, use [36m/cosmic-assets/fonts/dm-sans-400.ttf[33m.[39m
[33mFiles in the public directory are served at the root path.
Instead of [36m/runtime-public/cosmic-assets/fonts/dm-sans-800.ttf[33m, use [36m/cosmic-assets/fonts/dm-sans-800.ttf[33m.[39m
[33mFiles in the public directory are served at the root path.
Instead of [36m/runtime-public/cosmic-assets/fonts/funnel-display-800.ttf[33m, use [36m/cosmic-assets/fonts/funnel-display-800.ttf[33m.[39m
[33mFiles in the public directory are served at the root path.
Instead of [36m/runtime-public/cosmic-assets/fonts/dm-sans-500.ttf[33m, use [36m/cosmic-assets/fonts/dm-sans-500.ttf[33m.[39m
[33mFiles in the public directory are served at the root path.
Instead of [36m/runtime-public/cosmic-assets/fonts/dm-sans-600.ttf[33m, use [36m/cosmic-assets/fonts/dm-sans-600.ttf[33m.[39m
[33mFiles in the public directory are served at the root path.
Instead of [36m/runtime-public/cosmic-assets/fonts/dm-sans-400.ttf[33m, use [36m/cosmic-assets/fonts/dm-sans-400.ttf[33m.[39m
[33mFiles in the public directory are served at the root path.
Instead of [36m/runtime-public/cosmic-assets/fonts/dm-sans-800.ttf[33m, use [36m/cosmic-assets/fonts/dm-sans-800.ttf[33m.[39m
[33mFiles in the public directory are served at the root path.
Instead of [36m/runtime-public/cosmic-assets/fonts/funnel-display-800.ttf[33m, use [36m/cosmic-assets/fonts/funnel-display-800.ttf[33m.[39m
[33mFiles in the public directory are served at the root path.
Instead of [36m/runtime-public/cosmic-assets/fonts/dm-sans-500.ttf[33m, use [36m/cosmic-assets/fonts/dm-sans-500.ttf[33m.[39m
[33mFiles in the public directory are served at the root path.
Instead of [36m/runtime-public/cosmic-assets/fonts/dm-sans-600.ttf[33m, use [36m/cosmic-assets/fonts/dm-sans-600.ttf[33m.[39m
[33mFiles in the public directory are served at the root path.
Instead of [36m/runtime-public/cosmic-assets/fonts/dm-sans-400.ttf[33m, use [36m/cosmic-assets/fonts/dm-sans-400.ttf[33m.[39m
[33mFiles in the public directory are served at the root path.
Instead of [36m/runtime-public/cosmic-assets/fonts/dm-sans-800.ttf[33m, use [36m/cosmic-assets/fonts/dm-sans-800.ttf[33m.[39m
[33mFiles in the public directory are served at the root path.
Instead of [36m/runtime-public/cosmic-assets/fonts/funnel-display-800.ttf[33m, use [36m/cosmic-assets/fonts/funnel-display-800.ttf[33m.[39m
[33mFiles in the public directory are served at the root path.
Instead of [36m/runtime-public/cosmic-assets/fonts/dm-sans-500.ttf[33m, use [36m/cosmic-assets/fonts/dm-sans-500.ttf[33m.[39m
[33mFiles in the public directory are served at the root path.
Instead of [36m/runtime-public/cosmic-assets/fonts/dm-sans-600.ttf[33m, use [36m/cosmic-assets/fonts/dm-sans-600.ttf[33m.[39m
[33mFiles in the public directory are served at the root path.
Instead of [36m/runtime-public/cosmic-assets/fonts/dm-sans-400.ttf[33m, use [36m/cosmic-assets/fonts/dm-sans-400.ttf[33m.[39m
[33mFiles in the public directory are served at the root path.
Instead of [36m/runtime-public/cosmic-assets/fonts/dm-sans-800.ttf[33m, use [36m/cosmic-assets/fonts/dm-sans-800.ttf[33m.[39m
[33mFiles in the public directory are served at the root path.
Instead of [36m/runtime-public/cosmic-assets/fonts/funnel-display-800.ttf[33m, use [36m/cosmic-assets/fonts/funnel-display-800.ttf[33m.[39m
[33mFiles in the public directory are served at the root path.
Instead of [36m/runtime-public/cosmic-assets/fonts/dm-sans-500.ttf[33m, use [36m/cosmic-assets/fonts/dm-sans-500.ttf[33m.[39m
[33mFiles in the public directory are served at the root path.
Instead of [36m/runtime-public/cosmic-assets/fonts/dm-sans-600.ttf[33m, use [36m/cosmic-assets/fonts/dm-sans-600.ttf[33m.[39m
[33mFiles in the public directory are served at the root path.
Instead of [36m/runtime-public/cosmic-assets/fonts/dm-sans-400.ttf[33m, use [36m/cosmic-assets/fonts/dm-sans-400.ttf[33m.[39m
[33mFiles in the public directory are served at the root path.
Instead of [36m/runtime-public/cosmic-assets/fonts/dm-sans-800.ttf[33m, use [36m/cosmic-assets/fonts/dm-sans-800.ttf[33m.[39m
[33mFiles in the public directory are served at the root path.
Instead of [36m/runtime-public/cosmic-assets/fonts/funnel-display-800.ttf[33m, use [36m/cosmic-assets/fonts/funnel-display-800.ttf[33m.[39m
[33mFiles in the public directory are served at the root path.
Instead of [36m/runtime-public/cosmic-assets/fonts/dm-sans-500.ttf[33m, use [36m/cosmic-assets/fonts/dm-sans-500.ttf[33m.[39m
[33mFiles in the public directory are served at the root path.
Instead of [36m/runtime-public/cosmic-assets/fonts/dm-sans-600.ttf[33m, use [36m/cosmic-assets/fonts/dm-sans-600.ttf[33m.[39m
[33mFiles in the public directory are served at the root path.
Instead of [36m/runtime-public/cosmic-assets/fonts/dm-sans-400.ttf[33m, use [36m/cosmic-assets/fonts/dm-sans-400.ttf[33m.[39m
[33mFiles in the public directory are served at the root path.
Instead of [36m/runtime-public/cosmic-assets/fonts/dm-sans-800.ttf[33m, use [36m/cosmic-assets/fonts/dm-sans-800.ttf[33m.[39m
[33mFiles in the public directory are served at the root path.
Instead of [36m/runtime-public/cosmic-assets/fonts/funnel-display-800.ttf[33m, use [36m/cosmic-assets/fonts/funnel-display-800.ttf[33m.[39m
[33mFiles in the public directory are served at the root path.
Instead of [36m/runtime-public/cosmic-assets/fonts/dm-sans-500.ttf[33m, use [36m/cosmic-assets/fonts/dm-sans-500.ttf[33m.[39m
[33mFiles in the public directory are served at the root path.
Instead of [36m/runtime-public/cosmic-assets/fonts/dm-sans-600.ttf[33m, use [36m/cosmic-assets/fonts/dm-sans-600.ttf[33m.[39m
[33mFiles in the public directory are served at the root path.
Instead of [36m/runtime-public/cosmic-assets/fonts/dm-sans-400.ttf[33m, use [36m/cosmic-assets/fonts/dm-sans-400.ttf[33m.[39m
[33mFiles in the public directory are served at the root path.
Instead of [36m/runtime-public/cosmic-assets/fonts/dm-sans-800.ttf[33m, use [36m/cosmic-assets/fonts/dm-sans-800.ttf[33m.[39m
[33mFiles in the public directory are served at the root path.
Instead of [36m/runtime-public/cosmic-assets/fonts/funnel-display-800.ttf[33m, use [36m/cosmic-assets/fonts/funnel-display-800.ttf[33m.[39m
[33mFiles in the public directory are served at the root path.
Instead of [36m/runtime-public/cosmic-assets/fonts/dm-sans-500.ttf[33m, use [36m/cosmic-assets/fonts/dm-sans-500.ttf[33m.[39m
[33mFiles in the public directory are served at the root path.
Instead of [36m/runtime-public/cosmic-assets/fonts/dm-sans-600.ttf[33m, use [36m/cosmic-assets/fonts/dm-sans-600.ttf[33m.[39m
[33mFiles in the public directory are served at the root path.
Instead of [36m/runtime-public/cosmic-assets/fonts/dm-sans-400.ttf[33m, use [36m/cosmic-assets/fonts/dm-sans-400.ttf[33m.[39m
[33mFiles in the public directory are served at the root path.
Instead of [36m/runtime-public/cosmic-assets/fonts/dm-sans-800.ttf[33m, use [36m/cosmic-assets/fonts/dm-sans-800.ttf[33m.[39m
[33mFiles in the public directory are served at the root path.
Instead of [36m/runtime-public/cosmic-assets/fonts/funnel-display-800.ttf[33m, use [36m/cosmic-assets/fonts/funnel-display-800.ttf[33m.[39m
[33mFiles in the public directory are served at the root path.
Instead of [36m/runtime-public/cosmic-assets/fonts/dm-sans-500.ttf[33m, use [36m/cosmic-assets/fonts/dm-sans-500.ttf[33m.[39m
[33mFiles in the public directory are served at the root path.
Instead of [36m/runtime-public/cosmic-assets/fonts/dm-sans-600.ttf[33m, use [36m/cosmic-assets/fonts/dm-sans-600.ttf[33m.[39m
[33mFiles in the public directory are served at the root path.
Instead of [36m/runtime-public/cosmic-assets/fonts/dm-sans-400.ttf[33m, use [36m/cosmic-assets/fonts/dm-sans-400.ttf[33m.[39m
[33mFiles in the public directory are served at the root path.
Instead of [36m/runtime-public/cosmic-assets/fonts/dm-sans-800.ttf[33m, use [36m/cosmic-assets/fonts/dm-sans-800.ttf[33m.[39m
[33mFiles in the public directory are served at the root path.
Instead of [36m/runtime-public/cosmic-assets/fonts/funnel-display-800.ttf[33m, use [36m/cosmic-assets/fonts/funnel-display-800.ttf[33m.[39m
[33mFiles in the public directory are served at the root path.
Instead of [36m/runtime-public/cosmic-assets/fonts/dm-sans-500.ttf[33m, use [36m/cosmic-assets/fonts/dm-sans-500.ttf[33m.[39m
[33mFiles in the public directory are served at the root path.
Instead of [36m/runtime-public/cosmic-assets/fonts/dm-sans-600.ttf[33m, use [36m/cosmic-assets/fonts/dm-sans-600.ttf[33m.[39m
[33mFiles in the public directory are served at the root path.
Instead of [36m/runtime-public/cosmic-assets/fonts/dm-sans-400.ttf[33m, use [36m/cosmic-assets/fonts/dm-sans-400.ttf[33m.[39m
[33mFiles in the public directory are served at the root path.
Instead of [36m/runtime-public/cosmic-assets/fonts/dm-sans-800.ttf[33m, use [36m/cosmic-assets/fonts/dm-sans-800.ttf[33m.[39m
[33mFiles in the public directory are served at the root path.
Instead of [36m/runtime-public/cosmic-assets/fonts/funnel-display-800.ttf[33m, use [36m/cosmic-assets/fonts/funnel-display-800.ttf[33m.[39m
[33mFiles in the public directory are served at the root path.
Instead of [36m/runtime-public/cosmic-assets/fonts/dm-sans-500.ttf[33m, use [36m/cosmic-assets/fonts/dm-sans-500.ttf[33m.[39m
[33mFiles in the public directory are served at the root path.
Instead of [36m/runtime-public/cosmic-assets/fonts/dm-sans-600.ttf[33m, use [36m/cosmic-assets/fonts/dm-sans-600.ttf[33m.[39m
[33mFiles in the public directory are served at the root path.
Instead of [36m/runtime-public/cosmic-assets/fonts/dm-sans-400.ttf[33m, use [36m/cosmic-assets/fonts/dm-sans-400.ttf[33m.[39m
[33mFiles in the public directory are served at the root path.
Instead of [36m/runtime-public/cosmic-assets/fonts/dm-sans-800.ttf[33m, use [36m/cosmic-assets/fonts/dm-sans-800.ttf[33m.[39m
[33mFiles in the public directory are served at the root path.
Instead of [36m/runtime-public/cosmic-assets/fonts/funnel-display-800.ttf[33m, use [36m/cosmic-assets/fonts/funnel-display-800.ttf[33m.[39m
[33mFiles in the public directory are served at the root path.
Instead of [36m/runtime-public/cosmic-assets/fonts/dm-sans-500.ttf[33m, use [36m/cosmic-assets/fonts/dm-sans-500.ttf[33m.[39m
[33mFiles in the public directory are served at the root path.
Instead of [36m/runtime-public/cosmic-assets/fonts/dm-sans-600.ttf[33m, use [36m/cosmic-assets/fonts/dm-sans-600.ttf[33m.[39m
[33mFiles in the public directory are served at the root path.
Instead of [36m/runtime-public/cosmic-assets/fonts/dm-sans-800.ttf[33m, use [36m/cosmic-assets/fonts/dm-sans-800.ttf[33m.[39m
[33mFiles in the public directory are served at the root path.
Instead of [36m/runtime-public/cosmic-assets/fonts/funnel-display-800.ttf[33m, use [36m/cosmic-assets/fonts/funnel-display-800.ttf[33m.[39m
[33mFiles in the public directory are served at the root path.
Instead of [36m/runtime-public/cosmic-assets/fonts/dm-sans-500.ttf[33m, use [36m/cosmic-assets/fonts/dm-sans-500.ttf[33m.[39m
[33mFiles in the public directory are served at the root path.
Instead of [36m/runtime-public/cosmic-assets/fonts/dm-sans-600.ttf[33m, use [36m/cosmic-assets/fonts/dm-sans-600.ttf[33m.[39m
[33mFiles in the public directory are served at the root path.
Instead of [36m/runtime-public/cosmic-assets/fonts/dm-sans-800.ttf[33m, use [36m/cosmic-assets/fonts/dm-sans-800.ttf[33m.[39m
[33mFiles in the public directory are served at the root path.
Instead of [36m/runtime-public/cosmic-assets/fonts/funnel-display-800.ttf[33m, use [36m/cosmic-assets/fonts/funnel-display-800.ttf[33m.[39m
[33mFiles in the public directory are served at the root path.
Instead of [36m/runtime-public/cosmic-assets/fonts/dm-sans-500.ttf[33m, use [36m/cosmic-assets/fonts/dm-sans-500.ttf[33m.[39m
[33mFiles in the public directory are served at the root path.
Instead of [36m/runtime-public/cosmic-assets/fonts/dm-sans-600.ttf[33m, use [36m/cosmic-assets/fonts/dm-sans-600.ttf[33m.[39m
[33mFiles in the public directory are served at the root path.
Instead of [36m/runtime-public/cosmic-assets/fonts/dm-sans-800.ttf[33m, use [36m/cosmic-assets/fonts/dm-sans-800.ttf[33m.[39m
[33mFiles in the public directory are served at the root path.
Instead of [36m/runtime-public/cosmic-assets/fonts/funnel-display-800.ttf[33m, use [36m/cosmic-assets/fonts/funnel-display-800.ttf[33m.[39m
[33mFiles in the public directory are served at the root path.
Instead of [36m/runtime-public/cosmic-assets/fonts/dm-sans-500.ttf[33m, use [36m/cosmic-assets/fonts/dm-sans-500.ttf[33m.[39m
[33mFiles in the public directory are served at the root path.
Instead of [36m/runtime-public/cosmic-assets/fonts/dm-sans-600.ttf[33m, use [36m/cosmic-assets/fonts/dm-sans-600.ttf[33m.[39m
[33mFiles in the public directory are served at the root path.
Instead of [36m/runtime-public/cosmic-assets/fonts/dm-sans-400.ttf[33m, use [36m/cosmic-assets/fonts/dm-sans-400.ttf[33m.[39m
[33mFiles in the public directory are served at the root path.
Instead of [36m/runtime-public/cosmic-assets/fonts/dm-sans-400.ttf[33m, use [36m/cosmic-assets/fonts/dm-sans-400.ttf[33m.[39m
[33mFiles in the public directory are served at the root path.
Instead of [36m/runtime-public/cosmic-assets/fonts/dm-sans-400.ttf[33m, use [36m/cosmic-assets/fonts/dm-sans-400.ttf[33m.[39m
[33mFiles in the public directory are served at the root path.
Instead of [36m/runtime-public/cosmic-assets/fonts/dm-sans-400.ttf[33m, use [36m/cosmic-assets/fonts/dm-sans-400.ttf[33m.[39m
[2m9:24:02 PM[22m [31m[1m[vite][22m[39m Pre-transform error: Failed to resolve import "./editor-editorial.css" from "src/main.jsx". Does the file exist?
  Plugin: [35mvite:import-analysis[39m
  File: [36mC:/Users/wasse/OneDrive/Desktop/pdf-editor/src/main.jsx[39m:19:7
[33m  18 |  import "./editorial-resources.css";
  19 |  import "./dashboard-editorial.css";
  20 |  import "./editor-editorial.css";
     |          ^
  21 |  import { installProductionMonitoring } from "./monitoring/productionMonitoring.js";
  22 |  installProductionMonitoring();[39m
[2m9:24:02 PM[22m [31m[1m[vite][22m[39m Pre-transform error: Failed to resolve import "./editor-editorial.css" from "src/main.jsx". Does the file exist?
  Plugin: [35mvite:import-analysis[39m
  File: [36mC:/Users/wasse/OneDrive/Desktop/pdf-editor/src/main.jsx[39m:19:7
[33m  18 |  import "./editorial-resources.css";
  19 |  import "./dashboard-editorial.css";
  20 |  import "./editor-editorial.css";
     |          ^
  21 |  import { installProductionMonitoring } from "./monitoring/productionMonitoring.js";
  22 |  installProductionMonitoring();[39m
[2m9:24:02 PM[22m [31m[1m[vite][22m[39m [31mInternal server error: Failed to resolve import "./editor-editorial.css" from "src/main.jsx". Does the file exist?[39m
  Plugin: [35mvite:import-analysis[39m
  File: [36mC:/Users/wasse/OneDrive/Desktop/pdf-editor/src/main.jsx[39m:19:7
[33m  18 |  import "./editorial-resources.css";
  19 |  import "./dashboard-editorial.css";
  20 |  import "./editor-editorial.css";
     |          ^
  21 |  import { installProductionMonitoring } from "./monitoring/productionMonitoring.js";
  22 |  installProductionMonitoring();[39m
      at TransformPluginContext._formatLog (file:///C:/Users/wasse/OneDrive/Desktop/pdf-editor/node_modules/.pnpm/vite@6.4.3_@types+node@24.13.3/node_modules/vite/dist/node/chunks/dep-Dm0c1Wj2.js:42658:41)
      at TransformPluginContext.error (file:///C:/Users/wasse/OneDrive/Desktop/pdf-editor/node_modules/.pnpm/vite@6.4.3_@types+node@24.13.3/node_modules/vite/dist/node/chunks/dep-Dm0c1Wj2.js:42655:16)
      at normalizeUrl (file:///C:/Users/wasse/OneDrive/Desktop/pdf-editor/node_modules/.pnpm/vite@6.4.3_@types+node@24.13.3/node_modules/vite/dist/node/chunks/dep-Dm0c1Wj2.js:40634:23)
      at process.processTicksAndRejections (node:internal/process/task_queues:104:5)
      at async file:///C:/Users/wasse/OneDrive/Desktop/pdf-editor/node_modules/.pnpm/vite@6.4.3_@types+node@24.13.3/node_modules/vite/dist/node/chunks/dep-Dm0c1Wj2.js:40753:37
      at async Promise.all (index 19)
      at async TransformPluginContext.transform (file:///C:/Users/wasse/OneDrive/Desktop/pdf-editor/node_modules/.pnpm/vite@6.4.3_@types+node@24.13.3/node_modules/vite/dist/node/chunks/dep-Dm0c1Wj2.js:40680:7)
      at async EnvironmentPluginContainer.transform (file:///C:/Users/wasse/OneDrive/Desktop/pdf-editor/node_modules/.pnpm/vite@6.4.3_@types+node@24.13.3/node_modules/vite/dist/node/chunks/dep-Dm0c1Wj2.js:42453:18)
      at async loadAndTransform (file:///C:/Users/wasse/OneDrive/Desktop/pdf-editor/node_modules/.pnpm/vite@6.4.3_@types+node@24.13.3/node_modules/vite/dist/node/chunks/dep-Dm0c1Wj2.js:35845:27)
      at async viteTransformMiddleware (file:///C:/Users/wasse/OneDrive/Desktop/pdf-editor/node_modules/.pnpm/vite@6.4.3_@types+node@24.13.3/node_modules/vite/dist/node/chunks/dep-Dm0c1Wj2.js:37369:24)
[2m9:24:02 PM[22m [31m[1m[vite][22m[39m [31mInternal server error: Failed to resolve import "./editor-editorial.css" from "src/main.jsx". Does the file exist?[39m
  Plugin: [35mvite:import-analysis[39m
  File: [36mC:/Users/wasse/OneDrive/Desktop/pdf-editor/src/main.jsx[39m:19:7
[33m  18 |  import "./editorial-resources.css";
  19 |  import "./dashboard-editorial.css";
  20 |  import "./editor-editorial.css";
     |          ^
  21 |  import { installProductionMonitoring } from "./monitoring/productionMonitoring.js";
  22 |  installProductionMonitoring();[39m
      at TransformPluginContext._formatLog (file:///C:/Users/wasse/OneDrive/Desktop/pdf-editor/node_modules/.pnpm/vite@6.4.3_@types+node@24.13.3/node_modules/vite/dist/node/chunks/dep-Dm0c1Wj2.js:42658:41)
      at TransformPluginContext.error (file:///C:/Users/wasse/OneDrive/Desktop/pdf-editor/node_modules/.pnpm/vite@6.4.3_@types+node@24.13.3/node_modules/vite/dist/node/chunks/dep-Dm0c1Wj2.js:42655:16)
      at normalizeUrl (file:///C:/Users/wasse/OneDrive/Desktop/pdf-editor/node_modules/.pnpm/vite@6.4.3_@types+node@24.13.3/node_modules/vite/dist/node/chunks/dep-Dm0c1Wj2.js:40634:23)
      at process.processTicksAndRejections (node:internal/process/task_queues:104:5)
      at async file:///C:/Users/wasse/OneDrive/Desktop/pdf-editor/node_modules/.pnpm/vite@6.4.3_@types+node@24.13.3/node_modules/vite/dist/node/chunks/dep-Dm0c1Wj2.js:40753:37
      at async Promise.all (index 19)
      at async TransformPluginContext.transform (file:///C:/Users/wasse/OneDrive/Desktop/pdf-editor/node_modules/.pnpm/vite@6.4.3_@types+node@24.13.3/node_modules/vite/dist/node/chunks/dep-Dm0c1Wj2.js:40680:7)
      at async EnvironmentPluginContainer.transform (file:///C:/Users/wasse/OneDrive/Desktop/pdf-editor/node_modules/.pnpm/vite@6.4.3_@types+node@24.13.3/node_modules/vite/dist/node/chunks/dep-Dm0c1Wj2.js:42453:18)
      at async loadAndTransform (file:///C:/Users/wasse/OneDrive/Desktop/pdf-editor/node_modules/.pnpm/vite@6.4.3_@types+node@24.13.3/node_modules/vite/dist/node/chunks/dep-Dm0c1Wj2.js:35845:27)
      at async viteTransformMiddleware (file:///C:/Users/wasse/OneDrive/Desktop/pdf-editor/node_modules/.pnpm/vite@6.4.3_@types+node@24.13.3/node_modules/vite/dist/node/chunks/dep-Dm0c1Wj2.js:37369:24)
[33mFiles in the public directory are served at the root path.
Instead of [36m/runtime-public/cosmic-assets/fonts/dm-sans-800.ttf[33m, use [36m/cosmic-assets/fonts/dm-sans-800.ttf[33m.[39m
[33mFiles in the public directory are served at the root path.
Instead of [36m/runtime-public/cosmic-assets/fonts/funnel-display-800.ttf[33m, use [36m/cosmic-assets/fonts/funnel-display-800.ttf[33m.[39m
[33mFiles in the public directory are served at the root path.
Instead of [36m/runtime-public/cosmic-assets/fonts/dm-sans-500.ttf[33m, use [36m/cosmic-assets/fonts/dm-sans-500.ttf[33m.[39m
[33mFiles in the public directory are served at the root path.
Instead of [36m/runtime-public/cosmic-assets/fonts/dm-sans-800.ttf[33m, use [36m/cosmic-assets/fonts/dm-sans-800.ttf[33m.[39m
[33mFiles in the public directory are served at the root path.
Instead of [36m/runtime-public/cosmic-assets/fonts/funnel-display-800.ttf[33m, use [36m/cosmic-assets/fonts/funnel-display-800.ttf[33m.[39m
[33mFiles in the public directory are served at the root path.
Instead of [36m/runtime-public/cosmic-assets/fonts/dm-sans-500.ttf[33m, use [36m/cosmic-assets/fonts/dm-sans-500.ttf[33m.[39m
[33mFiles in the public directory are served at the root path.
Instead of [36m/runtime-public/cosmic-assets/fonts/dm-sans-600.ttf[33m, use [36m/cosmic-assets/fonts/dm-sans-600.ttf[33m.[39m
[33mFiles in the public directory are served at the root path.
Instead of [36m/runtime-public/cosmic-assets/fonts/dm-sans-600.ttf[33m, use [36m/cosmic-assets/fonts/dm-sans-600.ttf[33m.[39m
[33mFiles in the public directory are served at the root path.
Instead of [36m/runtime-public/cosmic-assets/fonts/dm-sans-400.ttf[33m, use [36m/cosmic-assets/fonts/dm-sans-400.ttf[33m.[39m
[33mFiles in the public directory are served at the root path.
Instead of [36m/runtime-public/cosmic-assets/fonts/dm-sans-400.ttf[33m, use [36m/cosmic-assets/fonts/dm-sans-400.ttf[33m.[39m
[33mFiles in the public directory are served at the root path.
Instead of [36m/runtime-public/cosmic-assets/fonts/dm-sans-800.ttf[33m, use [36m/cosmic-assets/fonts/dm-sans-800.ttf[33m.[39m
[33mFiles in the public directory are served at the root path.
Instead of [36m/runtime-public/cosmic-assets/fonts/funnel-display-800.ttf[33m, use [36m/cosmic-assets/fonts/funnel-display-800.ttf[33m.[39m
[33mFiles in the public directory are served at the root path.
Instead of [36m/runtime-public/cosmic-assets/fonts/dm-sans-500.ttf[33m, use [36m/cosmic-assets/fonts/dm-sans-500.ttf[33m.[39m
[33mFiles in the public directory are served at the root path.
Instead of [36m/runtime-public/cosmic-assets/fonts/dm-sans-600.ttf[33m, use [36m/cosmic-assets/fonts/dm-sans-600.ttf[33m.[39m
[33mFiles in the public directory are served at the root path.
Instead of [36m/runtime-public/cosmic-assets/fonts/dm-sans-400.ttf[33m, use [36m/cosmic-assets/fonts/dm-sans-400.ttf[33m.[39m
[33mFiles in the public directory are served at the root path.
Instead of [36m/runtime-public/cosmic-assets/fonts/dm-sans-800.ttf[33m, use [36m/cosmic-assets/fonts/dm-sans-800.ttf[33m.[39m
[33mFiles in the public directory are served at the root path.
Instead of [36m/runtime-public/cosmic-assets/fonts/funnel-display-800.ttf[33m, use [36m/cosmic-assets/fonts/funnel-display-800.ttf[33m.[39m
[33mFiles in the public directory are served at the root path.
Instead of [36m/runtime-public/cosmic-assets/fonts/dm-sans-500.ttf[33m, use [36m/cosmic-assets/fonts/dm-sans-500.ttf[33m.[39m
[33mFiles in the public directory are served at the root path.
Instead of [36m/runtime-public/cosmic-assets/fonts/dm-sans-600.ttf[33m, use [36m/cosmic-assets/fonts/dm-sans-600.ttf[33m.[39m
[33mFiles in the public directory are served at the root path.
Instead of [36m/runtime-public/cosmic-assets/fonts/dm-sans-800.ttf[33m, use [36m/cosmic-assets/fonts/dm-sans-800.ttf[33m.[39m
[33mFiles in the public directory are served at the root path.
Instead of [36m/runtime-public/cosmic-assets/fonts/funnel-display-800.ttf[33m, use [36m/cosmic-assets/fonts/funnel-display-800.ttf[33m.[39m
[33mFiles in the public directory are served at the root path.
Instead of [36m/runtime-public/cosmic-assets/fonts/dm-sans-500.ttf[33m, use [36m/cosmic-assets/fonts/dm-sans-500.ttf[33m.[39m
[33mFiles in the public directory are served at the root path.
Instead of [36m/runtime-public/cosmic-assets/fonts/dm-sans-600.ttf[33m, use [36m/cosmic-assets/fonts/dm-sans-600.ttf[33m.[39m
[33mFiles in the public directory are served at the root path.
Instead of [36m/runtime-public/cosmic-assets/fonts/dm-sans-400.ttf[33m, use [36m/cosmic-assets/fonts/dm-sans-400.ttf[33m.[39m
[33mFiles in the public directory are served at the root path.
Instead of [36m/runtime-public/cosmic-assets/fonts/dm-sans-800.ttf[33m, use [36m/cosmic-assets/fonts/dm-sans-800.ttf[33m.[39m
[33mFiles in the public directory are served at the root path.
Instead of [36m/runtime-public/cosmic-assets/fonts/funnel-display-800.ttf[33m, use [36m/cosmic-assets/fonts/funnel-display-800.ttf[33m.[39m
[33mFiles in the public directory are served at the root path.
Instead of [36m/runtime-public/cosmic-assets/fonts/dm-sans-500.ttf[33m, use [36m/cosmic-assets/fonts/dm-sans-500.ttf[33m.[39m
[33mFiles in the public directory are served at the root path.
Instead of [36m/runtime-public/cosmic-assets/fonts/dm-sans-600.ttf[33m, use [36m/cosmic-assets/fonts/dm-sans-600.ttf[33m.[39m
[33mFiles in the public directory are served at the root path.
Instead of [36m/runtime-public/cosmic-assets/fonts/dm-sans-400.ttf[33m, use [36m/cosmic-assets/fonts/dm-sans-400.ttf[33m.[39m
[33mFiles in the public directory are served at the root path.
Instead of [36m/runtime-public/cosmic-assets/fonts/dm-sans-800.ttf[33m, use [36m/cosmic-assets/fonts/dm-sans-800.ttf[33m.[39m
[33mFiles in the public directory are served at the root path.
Instead of [36m/runtime-public/cosmic-assets/fonts/funnel-display-800.ttf[33m, use [36m/cosmic-assets/fonts/funnel-display-800.ttf[33m.[39m
[33mFiles in the public directory are served at the root path.
Instead of [36m/runtime-public/cosmic-assets/fonts/dm-sans-500.ttf[33m, use [36m/cosmic-assets/fonts/dm-sans-500.ttf[33m.[39m
[33mFiles in the public directory are served at the root path.
Instead of [36m/runtime-public/cosmic-assets/fonts/dm-sans-600.ttf[33m, use [36m/cosmic-assets/fonts/dm-sans-600.ttf[33m.[39m
[33mFiles in the public directory are served at the root path.
Instead of [36m/runtime-public/cosmic-assets/fonts/dm-sans-800.ttf[33m, use [36m/cosmic-assets/fonts/dm-sans-800.ttf[33m.[39m
[33mFiles in the public directory are served at the root path.
Instead of [36m/runtime-public/cosmic-assets/fonts/funnel-display-800.ttf[33m, use [36m/cosmic-assets/fonts/funnel-display-800.ttf[33m.[39m
[33mFiles in the public directory are served at the root path.
Instead of [36m/runtime-public/cosmic-assets/fonts/dm-sans-800.ttf[33m, use [36m/cosmic-assets/fonts/dm-sans-800.ttf[33m.[39m
[33mFiles in the public directory are served at the root path.
Instead of [36m/runtime-public/cosmic-assets/fonts/funnel-display-800.ttf[33m, use [36m/cosmic-assets/fonts/funnel-display-800.ttf[33m.[39m
[33mFiles in the public directory are served at the root path.
Instead of [36m/runtime-public/cosmic-assets/fonts/dm-sans-500.ttf[33m, use [36m/cosmic-assets/fonts/dm-sans-500.ttf[33m.[39m
[33mFiles in the public directory are served at the root path.
Instead of [36m/runtime-public/cosmic-assets/fonts/dm-sans-500.ttf[33m, use [36m/cosmic-assets/fonts/dm-sans-500.ttf[33m.[39m
[33mFiles in the public directory are served at the root path.
Instead of [36m/runtime-public/cosmic-assets/fonts/dm-sans-600.ttf[33m, use [36m/cosmic-assets/fonts/dm-sans-600.ttf[33m.[39m
[33mFiles in the public directory are served at the root path.
Instead of [36m/runtime-public/cosmic-assets/fonts/dm-sans-600.ttf[33m, use [36m/cosmic-assets/fonts/dm-sans-600.ttf[33m.[39m
[33mFiles in the public directory are served at the root path.
Instead of [36m/runtime-public/cosmic-assets/fonts/dm-sans-400.ttf[33m, use [36m/cosmic-assets/fonts/dm-sans-400.ttf[33m.[39m
[33mFiles in the public directory are served at the root path.
Instead of [36m/runtime-public/cosmic-assets/fonts/dm-sans-400.ttf[33m, use [36m/cosmic-assets/fonts/dm-sans-400.ttf[33m.[39m
[33mFiles in the public directory are served at the root path.
Instead of [36m/runtime-public/cosmic-assets/fonts/dm-sans-400.ttf[33m, use [36m/cosmic-assets/fonts/dm-sans-400.ttf[33m.[39m
[33mFiles in the public directory are served at the root path.
Instead of [36m/runtime-public/cosmic-assets/fonts/dm-sans-800.ttf[33m, use [36m/cosmic-assets/fonts/dm-sans-800.ttf[33m.[39m
[33mFiles in the public directory are served at the root path.
Instead of [36m/runtime-public/cosmic-assets/fonts/funnel-display-800.ttf[33m, use [36m/cosmic-assets/fonts/funnel-display-800.ttf[33m.[39m
[33mFiles in the public directory are served at the root path.
Instead of [36m/runtime-public/cosmic-assets/fonts/dm-sans-500.ttf[33m, use [36m/cosmic-assets/fonts/dm-sans-500.ttf[33m.[39m
[33mFiles in the public directory are served at the root path.
Instead of [36m/runtime-public/cosmic-assets/fonts/dm-sans-600.ttf[33m, use [36m/cosmic-assets/fonts/dm-sans-600.ttf[33m.[39m
[33mFiles in the public directory are served at the root path.
Instead of [36m/runtime-public/cosmic-assets/fonts/dm-sans-400.ttf[33m, use [36m/cosmic-assets/fonts/dm-sans-400.ttf[33m.[39m
[33mFiles in the public directory are served at the root path.
Instead of [36m/runtime-public/homepage/footer-starfield-v1.jpg[33m, use [36m/homepage/footer-starfield-v1.jpg[33m.[39m
[33mFiles in the public directory are served at the root path.
Instead of [36m/runtime-public/cosmic-assets/fonts/caveat-600.ttf[33m, use [36m/cosmic-assets/fonts/caveat-600.ttf[33m.[39m
[33mFiles in the public directory are served at the root path.
Instead of [36m/runtime-public/cosmic-assets/fonts/dm-sans-800.ttf[33m, use [36m/cosmic-assets/fonts/dm-sans-800.ttf[33m.[39m
[33mFiles in the public directory are served at the root path.
Instead of [36m/runtime-public/cosmic-assets/fonts/funnel-display-800.ttf[33m, use [36m/cosmic-assets/fonts/funnel-display-800.ttf[33m.[39m
[33mFiles in the public directory are served at the root path.
Instead of [36m/runtime-public/cosmic-assets/fonts/dm-sans-500.ttf[33m, use [36m/cosmic-assets/fonts/dm-sans-500.ttf[33m.[39m
[33mFiles in the public directory are served at the root path.
Instead of [36m/runtime-public/cosmic-assets/fonts/dm-sans-600.ttf[33m, use [36m/cosmic-assets/fonts/dm-sans-600.ttf[33m.[39m
[33mFiles in the public directory are served at the root path.
Instead of [36m/runtime-public/cosmic-assets/fonts/dm-sans-800.ttf[33m, use [36m/cosmic-assets/fonts/dm-sans-800.ttf[33m.[39m
[33mFiles in the public directory are served at the root path.
Instead of [36m/runtime-public/cosmic-assets/fonts/funnel-display-800.ttf[33m, use [36m/cosmic-assets/fonts/funnel-display-800.ttf[33m.[39m
[33mFiles in the public directory are served at the root path.
Instead of [36m/runtime-public/cosmic-assets/fonts/dm-sans-500.ttf[33m, use [36m/cosmic-assets/fonts/dm-sans-500.ttf[33m.[39m
[33mFiles in the public directory are served at the root path.
Instead of [36m/runtime-public/cosmic-assets/fonts/dm-sans-600.ttf[33m, use [36m/cosmic-assets/fonts/dm-sans-600.ttf[33m.[39m
[33mFiles in the public directory are served at the root path.
Instead of [36m/runtime-public/cosmic-assets/fonts/dm-sans-400.ttf[33m, use [36m/cosmic-assets/fonts/dm-sans-400.ttf[33m.[39m
[33mFiles in the public directory are served at the root path.
Instead of [36m/runtime-public/cosmic-assets/fonts/dm-sans-800.ttf[33m, use [36m/cosmic-assets/fonts/dm-sans-800.ttf[33m.[39m
[33mFiles in the public directory are served at the root path.
Instead of [36m/runtime-public/cosmic-assets/fonts/funnel-display-800.ttf[33m, use [36m/cosmic-assets/fonts/funnel-display-800.ttf[33m.[39m
[33mFiles in the public directory are served at the root path.
Instead of [36m/runtime-public/cosmic-assets/fonts/dm-sans-500.ttf[33m, use [36m/cosmic-assets/fonts/dm-sans-500.ttf[33m.[39m
[33mFiles in the public directory are served at the root path.
Instead of [36m/runtime-public/cosmic-assets/fonts/dm-sans-600.ttf[33m, use [36m/cosmic-assets/fonts/dm-sans-600.ttf[33m.[39m
[33mFiles in the public directory are served at the root path.
Instead of [36m/runtime-public/cosmic-assets/fonts/dm-sans-400.ttf[33m, use [36m/cosmic-assets/fonts/dm-sans-400.ttf[33m.[39m
[33mFiles in the public directory are served at the root path.
Instead of [36m/runtime-public/homepage/footer-starfield-v1.jpg[33m, use [36m/homepage/footer-starfield-v1.jpg[33m.[39m
[33mFiles in the public directory are served at the root path.
Instead of [36m/runtime-public/cosmic-assets/fonts/dm-sans-800.ttf[33m, use [36m/cosmic-assets/fonts/dm-sans-800.ttf[33m.[39m
[33mFiles in the public directory are served at the root path.
Instead of [36m/runtime-public/cosmic-assets/fonts/caveat-600.ttf[33m, use [36m/cosmic-assets/fonts/caveat-600.ttf[33m.[39m
[33mFiles in the public directory are served at the root path.
Instead of [36m/runtime-public/cosmic-assets/fonts/dm-sans-500.ttf[33m, use [36m/cosmic-assets/fonts/dm-sans-500.ttf[33m.[39m
[33mFiles in the public directory are served at the root path.
Instead of [36m/runtime-public/cosmic-assets/fonts/dm-sans-400.ttf[33m, use [36m/cosmic-assets/fonts/dm-sans-400.ttf[33m.[39m
[33mFiles in the public directory are served at the root path.
Instead of [36m/runtime-public/cosmic-assets/fonts/dm-sans-600.ttf[33m, use [36m/cosmic-assets/fonts/dm-sans-600.ttf[33m.[39m
[33mFiles in the public directory are served at the root path.
Instead of [36m/runtime-public/cosmic-assets/fonts/dm-sans-800.ttf[33m, use [36m/cosmic-assets/fonts/dm-sans-800.ttf[33m.[39m
[33mFiles in the public directory are served at the root path.
Instead of [36m/runtime-public/cosmic-assets/fonts/caveat-600.ttf[33m, use [36m/cosmic-assets/fonts/caveat-600.ttf[33m.[39m
[33mFiles in the public directory are served at the root path.
Instead of [36m/runtime-public/cosmic-assets/fonts/dm-sans-400.ttf[33m, use [36m/cosmic-assets/fonts/dm-sans-400.ttf[33m.[39m
[33mFiles in the public directory are served at the root path.
Instead of [36m/runtime-public/cosmic-assets/fonts/dm-sans-600.ttf[33m, use [36m/cosmic-assets/fonts/dm-sans-600.ttf[33m.[39m
[33mFiles in the public directory are served at the root path.
Instead of [36m/runtime-public/cosmic-assets/fonts/dm-sans-800.ttf[33m, use [36m/cosmic-assets/fonts/dm-sans-800.ttf[33m.[39m
[33mFiles in the public directory are served at the root path.
Instead of [36m/runtime-public/cosmic-assets/fonts/dm-sans-600.ttf[33m, use [36m/cosmic-assets/fonts/dm-sans-600.ttf[33m.[39m
[33mFiles in the public directory are served at the root path.
Instead of [36m/runtime-public/cosmic-assets/fonts/dm-sans-600.ttf[33m, use [36m/cosmic-assets/fonts/dm-sans-600.ttf[33m.[39m
[33mFiles in the public directory are served at the root path.
Instead of [36m/runtime-public/cosmic-assets/fonts/dm-sans-800.ttf[33m, use [36m/cosmic-assets/fonts/dm-sans-800.ttf[33m.[39m
[33mFiles in the public directory are served at the root path.
Instead of [36m/runtime-public/cosmic-assets/fonts/dm-sans-600.ttf[33m, use [36m/cosmic-assets/fonts/dm-sans-600.ttf[33m.[39m
[33mFiles in the public directory are served at the root path.
Instead of [36m/runtime-public/cosmic-assets/fonts/dm-sans-400.ttf[33m, use [36m/cosmic-assets/fonts/dm-sans-400.ttf[33m.[39m
[33mFiles in the public directory are served at the root path.
Instead of [36m/runtime-public/cosmic-assets/fonts/dm-sans-800.ttf[33m, use [36m/cosmic-assets/fonts/dm-sans-800.ttf[33m.[39m
[33mFiles in the public directory are served at the root path.
Instead of [36m/runtime-public/cosmic-assets/fonts/dm-sans-400.ttf[33m, use [36m/cosmic-assets/fonts/dm-sans-400.ttf[33m.[39m
[33mFiles in the public directory are served at the root path.
Instead of [36m/runtime-public/cosmic-assets/fonts/dm-sans-500.ttf[33m, use [36m/cosmic-assets/fonts/dm-sans-500.ttf[33m.[39m
[33mFiles in the public directory are served at the root path.
Instead of [36m/runtime-public/cosmic-assets/fonts/dm-sans-800.ttf[33m, use [36m/cosmic-assets/fonts/dm-sans-800.ttf[33m.[39m
[33mFiles in the public directory are served at the root path.
Instead of [36m/runtime-public/cosmic-assets/fonts/caveat-600.ttf[33m, use [36m/cosmic-assets/fonts/caveat-600.ttf[33m.[39m
[33mFiles in the public directory are served at the root path.
Instead of [36m/runtime-public/cosmic-assets/fonts/dm-sans-400.ttf[33m, use [36m/cosmic-assets/fonts/dm-sans-400.ttf[33m.[39m
[33mFiles in the public directory are served at the root path.
Instead of [36m/runtime-public/cosmic-assets/fonts/dm-sans-600.ttf[33m, use [36m/cosmic-assets/fonts/dm-sans-600.ttf[33m.[39m
[33mFiles in the public directory are served at the root path.
Instead of [36m/runtime-public/cosmic-assets/fonts/dm-sans-800.ttf[33m, use [36m/cosmic-assets/fonts/dm-sans-800.ttf[33m.[39m
[33mFiles in the public directory are served at the root path.
Instead of [36m/runtime-public/cosmic-assets/fonts/caveat-600.ttf[33m, use [36m/cosmic-assets/fonts/caveat-600.ttf[33m.[39m
[33mFiles in the public directory are served at the root path.
Instead of [36m/runtime-public/cosmic-assets/fonts/dm-sans-400.ttf[33m, use [36m/cosmic-assets/fonts/dm-sans-400.ttf[33m.[39m
[33mFiles in the public directory are served at the root path.
Instead of [36m/runtime-public/cosmic-assets/fonts/dm-sans-600.ttf[33m, use [36m/cosmic-assets/fonts/dm-sans-600.ttf[33m.[39m
[33mFiles in the public directory are served at the root path.
Instead of [36m/runtime-public/cosmic-assets/fonts/dm-sans-800.ttf[33m, use [36m/cosmic-assets/fonts/dm-sans-800.ttf[33m.[39m
[33mFiles in the public directory are served at the root path.
Instead of [36m/runtime-public/cosmic-assets/fonts/caveat-600.ttf[33m, use [36m/cosmic-assets/fonts/caveat-600.ttf[33m.[39m
[33mFiles in the public directory are served at the root path.
Instead of [36m/runtime-public/cosmic-assets/fonts/dm-sans-400.ttf[33m, use [36m/cosmic-assets/fonts/dm-sans-400.ttf[33m.[39m
[33mFiles in the public directory are served at the root path.
Instead of [36m/runtime-public/cosmic-assets/fonts/dm-sans-600.ttf[33m, use [36m/cosmic-assets/fonts/dm-sans-600.ttf[33m.[39m
[33mFiles in the public directory are served at the root path.
Instead of [36m/runtime-public/cosmic-assets/fonts/dm-sans-800.ttf[33m, use [36m/cosmic-assets/fonts/dm-sans-800.ttf[33m.[39m
[33mFiles in the public directory are served at the root path.
Instead of [36m/runtime-public/cosmic-assets/fonts/caveat-600.ttf[33m, use [36m/cosmic-assets/fonts/caveat-600.ttf[33m.[39m
[33mFiles in the public directory are served at the root path.
Instead of [36m/runtime-public/cosmic-assets/fonts/dm-sans-400.ttf[33m, use [36m/cosmic-assets/fonts/dm-sans-400.ttf[33m.[39m
[33mFiles in the public directory are served at the root path.
Instead of [36m/runtime-public/cosmic-assets/fonts/dm-sans-600.ttf[33m, use [36m/cosmic-assets/fonts/dm-sans-600.ttf[33m.[39m
[33mFiles in the public directory are served at the root path.
Instead of [36m/runtime-public/cosmic-assets/fonts/dm-sans-800.ttf[33m, use [36m/cosmic-assets/fonts/dm-sans-800.ttf[33m.[39m
[33mFiles in the public directory are served at the root path.
Instead of [36m/runtime-public/cosmic-assets/fonts/caveat-600.ttf[33m, use [36m/cosmic-assets/fonts/caveat-600.ttf[33m.[39m
[33mFiles in the public directory are served at the root path.
Instead of [36m/runtime-public/cosmic-assets/fonts/dm-sans-400.ttf[33m, use [36m/cosmic-assets/fonts/dm-sans-400.ttf[33m.[39m
[33mFiles in the public directory are served at the root path.
Instead of [36m/runtime-public/cosmic-assets/fonts/dm-sans-600.ttf[33m, use [36m/cosmic-assets/fonts/dm-sans-600.ttf[33m.[39m
[33mFiles in the public directory are served at the root path.
Instead of [36m/runtime-public/cosmic-assets/fonts/dm-sans-600.ttf[33m, use [36m/cosmic-assets/fonts/dm-sans-600.ttf[33m.[39m
[33mFiles in the public directory are served at the root path.
Instead of [36m/runtime-public/cosmic-assets/fonts/dm-sans-800.ttf[33m, use [36m/cosmic-assets/fonts/dm-sans-800.ttf[33m.[39m
[33mFiles in the public directory are served at the root path.
Instead of [36m/runtime-public/cosmic-assets/fonts/dm-sans-400.ttf[33m, use [36m/cosmic-assets/fonts/dm-sans-400.ttf[33m.[39m
[33mFiles in the public directory are served at the root path.
Instead of [36m/runtime-public/cosmic-assets/fonts/dm-sans-600.ttf[33m, use [36m/cosmic-assets/fonts/dm-sans-600.ttf[33m.[39m
[33mFiles in the public directory are served at the root path.
Instead of [36m/runtime-public/cosmic-assets/fonts/dm-sans-800.ttf[33m, use [36m/cosmic-assets/fonts/dm-sans-800.ttf[33m.[39m
[33mFiles in the public directory are served at the root path.
Instead of [36m/runtime-public/cosmic-assets/fonts/dm-sans-500.ttf[33m, use [36m/cosmic-assets/fonts/dm-sans-500.ttf[33m.[39m
[33mFiles in the public directory are served at the root path.
Instead of [36m/runtime-public/cosmic-assets/fonts/dm-sans-600.ttf[33m, use [36m/cosmic-assets/fonts/dm-sans-600.ttf[33m.[39m
[33mFiles in the public directory are served at the root path.
Instead of [36m/runtime-public/cosmic-assets/fonts/dm-sans-800.ttf[33m, use [36m/cosmic-assets/fonts/dm-sans-800.ttf[33m.[39m
[33mFiles in the public directory are served at the root path.
Instead of [36m/runtime-public/cosmic-assets/fonts/dm-sans-400.ttf[33m, use [36m/cosmic-assets/fonts/dm-sans-400.ttf[33m.[39m
[33mFiles in the public directory are served at the root path.
Instead of [36m/runtime-public/cosmic-assets/fonts/dm-sans-800.ttf[33m, use [36m/cosmic-assets/fonts/dm-sans-800.ttf[33m.[39m
[33mFiles in the public directory are served at the root path.
Instead of [36m/runtime-public/cosmic-assets/fonts/caveat-600.ttf[33m, use [36m/cosmic-assets/fonts/caveat-600.ttf[33m.[39m
[33mFiles in the public directory are served at the root path.
Instead of [36m/runtime-public/cosmic-assets/fonts/dm-sans-400.ttf[33m, use [36m/cosmic-assets/fonts/dm-sans-400.ttf[33m.[39m
[33mFiles in the public directory are served at the root path.
Instead of [36m/runtime-public/cosmic-assets/fonts/dm-sans-600.ttf[33m, use [36m/cosmic-assets/fonts/dm-sans-600.ttf[33m.[39m
[33mFiles in the public directory are served at the root path.
Instead of [36m/runtime-public/cosmic-assets/fonts/dm-sans-800.ttf[33m, use [36m/cosmic-assets/fonts/dm-sans-800.ttf[33m.[39m
[33mFiles in the public directory are served at the root path.
Instead of [36m/runtime-public/cosmic-assets/fonts/caveat-600.ttf[33m, use [36m/cosmic-assets/fonts/caveat-600.ttf[33m.[39m
[33mFiles in the public directory are served at the root path.
Instead of [36m/runtime-public/cosmic-assets/fonts/dm-sans-400.ttf[33m, use [36m/cosmic-assets/fonts/dm-sans-400.ttf[33m.[39m
[33mFiles in the public directory are served at the root path.
Instead of [36m/runtime-public/cosmic-assets/fonts/dm-sans-600.ttf[33m, use [36m/cosmic-assets/fonts/dm-sans-600.ttf[33m.[39m
[33mFiles in the public directory are served at the root path.
Instead of [36m/runtime-public/cosmic-assets/fonts/dm-sans-800.ttf[33m, use [36m/cosmic-assets/fonts/dm-sans-800.ttf[33m.[39m
[33mFiles in the public directory are served at the root path.
Instead of [36m/runtime-public/cosmic-assets/fonts/caveat-600.ttf[33m, use [36m/cosmic-assets/fonts/caveat-600.ttf[33m.[39m
[33mFiles in the public directory are served at the root path.
Instead of [36m/runtime-public/cosmic-assets/fonts/dm-sans-400.ttf[33m, use [36m/cosmic-assets/fonts/dm-sans-400.ttf[33m.[39m
[33mFiles in the public directory are served at the root path.
Instead of [36m/runtime-public/cosmic-assets/fonts/dm-sans-600.ttf[33m, use [36m/cosmic-assets/fonts/dm-sans-600.ttf[33m.[39m
[33mFiles in the public directory are served at the root path.
Instead of [36m/runtime-public/cosmic-assets/fonts/dm-sans-800.ttf[33m, use [36m/cosmic-assets/fonts/dm-sans-800.ttf[33m.[39m
[33mFiles in the public directory are served at the root path.
Instead of [36m/runtime-public/cosmic-assets/fonts/caveat-600.ttf[33m, use [36m/cosmic-assets/fonts/caveat-600.ttf[33m.[39m
[33mFiles in the public directory are served at the root path.
Instead of [36m/runtime-public/cosmic-assets/fonts/dm-sans-400.ttf[33m, use [36m/cosmic-assets/fonts/dm-sans-400.ttf[33m.[39m
[33mFiles in the public directory are served at the root path.
Instead of [36m/runtime-public/cosmic-assets/fonts/dm-sans-600.ttf[33m, use [36m/cosmic-assets/fonts/dm-sans-600.ttf[33m.[39m
[33mFiles in the public directory are served at the root path.
Instead of [36m/runtime-public/cosmic-assets/fonts/dm-sans-800.ttf[33m, use [36m/cosmic-assets/fonts/dm-sans-800.ttf[33m.[39m
[33mFiles in the public directory are served at the root path.
Instead of [36m/runtime-public/cosmic-assets/fonts/caveat-600.ttf[33m, use [36m/cosmic-assets/fonts/caveat-600.ttf[33m.[39m
[33mFiles in the public directory are served at the root path.
Instead of [36m/runtime-public/cosmic-assets/fonts/dm-sans-400.ttf[33m, use [36m/cosmic-assets/fonts/dm-sans-400.ttf[33m.[39m
[33mFiles in the public directory are served at the root path.
Instead of [36m/runtime-public/cosmic-assets/fonts/dm-sans-600.ttf[33m, use [36m/cosmic-assets/fonts/dm-sans-600.ttf[33m.[39m
